48 metapaths -> output/tier0_capacity_hurdle/prewarm_metapaths.txt
Computed G<rG<rGuA in 0.0s
Computed G<rGbCpD in 0.0s
Computed G<rGdA in 0.0s
Computed G<rGuD in 0.0s
Computed GaDaGaD in 0.0s
Computed GaDdGaD in 0.0s
Computed GaDlA in 0.0s
Computed GaDlAlD in 0.0s
Computed GaDrD in 0.0s
Computed GaDrDrD in 0.0s
Computed GbCbGaD in 0.0s
Computed GcGaD in 0.0s
Computed GcGdA in 0.0s
Computed GcGuA in 0.0s
Computed GcGuD in 0.0s
Computed GcGuDlA in 0.0s
Computed GdAdGuD in 0.0s
Computed GdAuGdA in 0.0s
Computed GdCpD in 0.0s
Computed GdDaGdA in 0.0s
Computed GdDpCcSE in 0.1s
Computed GdDpSpD in 0.0s
Computed GeAeGdA in 0.0s
Computed GeAlD in 0.1s
Computed GiGaDrD in 0.0s
Computed GiGdCpD in 0.0s
Computed GiGdD in 0.0s
Computed GiGiGdD in 0.0s
Computed GiGr>GaD in 0.0s
Computed GiGr>GuD in 0.0s
Computed GiGuD in 0.0s
Computed GpBPpGuA in 0.0s
Computed GpPWpGdA in 0.0s
Computed GpPWpGeA in 0.1s
Computed Gr>GaD in 0.0s
Computed Gr>GdCtD in 0.0s
Computed Gr>GeA in 0.0s
Computed Gr>Gr>GuD in 0.0s
Computed Gr>GuA in 0.0s
Computed GuCbGdA in 0.0s
Computed GuCbGeA in 0.0s
Computed GuCcSE in 0.1s
Computed GuCdGdA in 0.0s
Computed GuCdGeA in 0.0s
Computed GuCpD in 0.0s
Computed GuCtD in 0.0s
Computed GuCuGuA in 0.0s
Computed GuDdGeA in 0.0s
